
  .   ____          _            __ _ _
 /\\ / ___'_ __ _ _(_)_ __  __ _ \ \ \ \
( ( )\___ | '_ | '_| | '_ \/ _` | \ \ \ \
 \\/  ___)| |_)| | | | | || (_| |  ) ) ) )
  '  |____| .__|_| |_|_| |_\__, | / / / /
 =========|_|==============|___/=/_/_/_/

 :: Spring Boot ::                (v3.3.2)

2026-07-23T18:59:32.187+01:00  INFO 17460 --- [tech57-platform] [  restartedMain] c.t.platform.Tech57PlatformApplication   : Starting Tech57PlatformApplication using Java 21.0.10 with PID 17460 (C:\Users\Hp\tech57-platform\tech57\tech57-backend\target\classes started by Hp in C:\Users\Hp\tech57-platform\tech57\tech57-backend)
2026-07-23T18:59:32.193+01:00  INFO 17460 --- [tech57-platform] [  restartedMain] c.t.platform.Tech57PlatformApplication   : No active profile set, falling back to 1 default profile: "default"
2026-07-23T18:59:32.348+01:00  INFO 17460 --- [tech57-platform] [  restartedMain] .e.DevToolsPropertyDefaultsPostProcessor : Devtools property defaults active! Set 'spring.devtools.add-properties' to 'false' to disable
2026-07-23T18:59:32.348+01:00  INFO 17460 --- [tech57-platform] [  restartedMain] .e.DevToolsPropertyDefaultsPostProcessor : For additional web related logging consider setting the 'logging.level.web' property to 'DEBUG'
2026-07-23T18:59:34.770+01:00  INFO 17460 --- [tech57-platform] [  restartedMain] .s.d.r.c.RepositoryConfigurationDelegate : Bootstrapping Spring Data JPA repositories in DEFAULT mode.
2026-07-23T18:59:35.007+01:00  INFO 17460 --- [tech57-platform] [  restartedMain] .s.d.r.c.RepositoryConfigurationDelegate : Finished Spring Data repository scanning in 215 ms. Found 10 JPA repository interfaces.
2026-07-23T18:59:37.046+01:00  INFO 17460 --- [tech57-platform] [  restartedMain] o.s.b.w.embedded.tomcat.TomcatWebServer  : Tomcat initialized with port 8080 (http)
2026-07-23T18:59:37.096+01:00  INFO 17460 --- [tech57-platform] [  restartedMain] o.apache.catalina.core.StandardService   : Starting service [Tomcat]
2026-07-23T18:59:37.096+01:00  INFO 17460 --- [tech57-platform] [  restartedMain] o.apache.catalina.core.StandardEngine    : Starting Servlet engine: [Apache Tomcat/10.1.26]
2026-07-23T18:59:37.289+01:00  INFO 17460 --- [tech57-platform] [  restartedMain] o.a.c.c.C.[Tomcat].[localhost].[/]       : Initializing Spring embedded WebApplicationContext
2026-07-23T18:59:37.292+01:00  INFO 17460 --- [tech57-platform] [  restartedMain] w.s.c.ServletWebServerApplicationContext : Root WebApplicationContext: initialization completed in 4939 ms
2026-07-23T18:59:37.447+01:00  INFO 17460 --- [tech57-platform] [  restartedMain] com.zaxxer.hikari.HikariDataSource       : HikariPool-1 - Starting...
2026-07-23T18:59:38.219+01:00  INFO 17460 --- [tech57-platform] [  restartedMain] com.zaxxer.hikari.pool.HikariPool        : HikariPool-1 - Added connection org.postgresql.jdbc.PgConnection@314b02b
2026-07-23T18:59:38.219+01:00  INFO 17460 --- [tech57-platform] [  restartedMain] com.zaxxer.hikari.HikariDataSource       : HikariPool-1 - Start completed.
2026-07-23T18:59:38.259+01:00  INFO 17460 --- [tech57-platform] [  restartedMain] o.s.b.a.h2.H2ConsoleAutoConfiguration    : H2 console available at '/h2-console'. Database available at 'jdbc:postgresql://localhost:5432/gestion_stage'
2026-07-23T18:59:38.680+01:00  INFO 17460 --- [tech57-platform] [  restartedMain] o.hibernate.jpa.internal.util.LogHelper  : HHH000204: Processing PersistenceUnitInfo [name: default]
2026-07-23T18:59:38.890+01:00  INFO 17460 --- [tech57-platform] [  restartedMain] org.hibernate.Version                    : HHH000412: Hibernate ORM core version 6.5.2.Final
2026-07-23T18:59:39.016+01:00  INFO 17460 --- [tech57-platform] [  restartedMain] o.h.c.internal.RegionFactoryInitiator    : HHH000026: Second-level cache disabled
2026-07-23T18:59:40.218+01:00  INFO 17460 --- [tech57-platform] [  restartedMain] o.s.o.j.p.SpringPersistenceUnitInfo      : No LoadTimeWeaver setup: ignoring JPA class transformer
2026-07-23T18:59:40.392+01:00  WARN 17460 --- [tech57-platform] [  restartedMain] org.hibernate.orm.deprecation            : HHH90000025: PostgreSQLDialect does not need to be specified explicitly using 'hibernate.dialect' (remove the property setting and it will be selected by default)
2026-07-23T18:59:44.332+01:00  INFO 17460 --- [tech57-platform] [  restartedMain] o.h.e.t.j.p.i.JtaPlatformInitiator       : HHH000489: No JTA platform available (set 'hibernate.transaction.jta.platform' to enable JTA platform integration)
2026-07-23T18:59:44.760+01:00  INFO 17460 --- [tech57-platform] [  restartedMain] j.LocalContainerEntityManagerFactoryBean : Initialized JPA EntityManagerFactory for persistence unit 'default'
2026-07-23T18:59:46.674+01:00  WARN 17460 --- [tech57-platform] [  restartedMain] JpaBaseConfiguration$JpaWebConfiguration : spring.jpa.open-in-view is enabled by default. Therefore, database queries may be performed during view rendering. Explicitly configure spring.jpa.open-in-view to disable this warning
2026-07-23T18:59:46.726+01:00  INFO 17460 --- [tech57-platform] [  restartedMain] r$InitializeUserDetailsManagerConfigurer : Global AuthenticationManager configured with UserDetailsService bean with name customUserDetailsService
2026-07-23T18:59:48.251+01:00  WARN 17460 --- [tech57-platform] [  restartedMain] o.s.b.d.a.OptionalLiveReloadServer       : Unable to start LiveReload server
2026-07-23T18:59:48.335+01:00  WARN 17460 --- [tech57-platform] [  restartedMain] ConfigServletWebServerApplicationContext : Exception encountered during context initialization - cancelling refresh attempt: org.springframework.context.ApplicationContextException: Failed to start bean 'webServerStartStop'
2026-07-23T18:59:48.342+01:00  INFO 17460 --- [tech57-platform] [  restartedMain] j.LocalContainerEntityManagerFactoryBean : Closing JPA EntityManagerFactory for persistence unit 'default'
2026-07-23T18:59:48.348+01:00  INFO 17460 --- [tech57-platform] [  restartedMain] com.zaxxer.hikari.HikariDataSource       : HikariPool-1 - Shutdown initiated...
2026-07-23T18:59:48.368+01:00  INFO 17460 --- [tech57-platform] [  restartedMain] com.zaxxer.hikari.HikariDataSource       : HikariPool-1 - Shutdown completed.
2026-07-23T18:59:48.406+01:00  INFO 17460 --- [tech57-platform] [  restartedMain] .s.b.a.l.ConditionEvaluationReportLogger : 

Error starting ApplicationContext. To display the condition evaluation report re-run your application with 'debug' enabled.
2026-07-23T18:59:48.496+01:00 ERROR 17460 --- [tech57-platform] [  restartedMain] o.s.b.d.LoggingFailureAnalysisReporter   : 

***************************
APPLICATION FAILED TO START
***************************

Description:

Web server failed to start. Port 8080 was already in use.

Action:

Identify and stop the process that's listening on port 8080 or configure this application to listen on another port.

